src/app/api/tenancy/[id]/escrow/route.ts(75,5): error TS2322: Type '{ amount: number; type: "CAUTION_DEPOSIT"; fromId: string; toId: string; propertyId: string; tenancyId: string; reference: any; description: string; status: "ESCROW"; }' is not assignable to type '(Without<TransactionCreateInput, TransactionUncheckedCreateInput> & TransactionUncheckedCreateInput) | (Without<...> & TransactionCreateInput)'.
  Type '{ amount: number; type: "CAUTION_DEPOSIT"; fromId: string; toId: string; propertyId: string; tenancyId: string; reference: any; description: string; status: "ESCROW"; }' is not assignable to type 'Without<TransactionCreateInput, TransactionUncheckedCreateInput> & TransactionUncheckedCreateInput'.
    Property 'userId' is missing in type '{ amount: number; type: "CAUTION_DEPOSIT"; fromId: string; toId: string; propertyId: string; tenancyId: string; reference: any; description: string; status: "ESCROW"; }' but required in type 'TransactionUncheckedCreateInput'.
src/app/api/tenancy/[id]/escrow/route.ts(104,7): error TS2345: Argument of type '"PAYMENT"' is not assignable to parameter of type 'NotificationType'.
src/app/api/tenancy/[id]/escrow/route.ts(111,7): error TS2345: Argument of type '"PAYMENT"' is not assignable to parameter of type 'NotificationType'.
src/app/api/tenancy/[id]/escrow/route.ts(198,13): error TS2322: Type '{ amount: number; type: "CAUTION_DEPOSIT"; fromId: string; toId: string; propertyId: string; tenancyId: string; reference: string; description: string; status: "COMPLETED"; }' is not assignable to type '(Without<TransactionCreateInput, TransactionUncheckedCreateInput> & TransactionUncheckedCreateInput) | (Without<...> & TransactionCreateInput)'.
  Type '{ amount: number; type: "CAUTION_DEPOSIT"; fromId: string; toId: string; propertyId: string; tenancyId: string; reference: string; description: string; status: "COMPLETED"; }' is not assignable to type 'Without<TransactionCreateInput, TransactionUncheckedCreateInput> & TransactionUncheckedCreateInput'.
    Property 'userId' is missing in type '{ amount: number; type: "CAUTION_DEPOSIT"; fromId: string; toId: string; propertyId: string; tenancyId: string; reference: string; description: string; status: "COMPLETED"; }' but required in type 'TransactionUncheckedCreateInput'.
src/app/api/tenancy/[id]/escrow/route.ts(216,13): error TS2322: Type '{ amount: number; type: "CAUTION_DEPOSIT"; fromId: string; toId: string; propertyId: string; tenancyId: string; reference: string; description: string; status: "COMPLETED"; }' is not assignable to type '(Without<TransactionCreateInput, TransactionUncheckedCreateInput> & TransactionUncheckedCreateInput) | (Without<...> & TransactionCreateInput)'.
  Type '{ amount: number; type: "CAUTION_DEPOSIT"; fromId: string; toId: string; propertyId: string; tenancyId: string; reference: string; description: string; status: "COMPLETED"; }' is not assignable to type 'Without<TransactionCreateInput, TransactionUncheckedCreateInput> & TransactionUncheckedCreateInput'.
    Property 'userId' is missing in type '{ amount: number; type: "CAUTION_DEPOSIT"; fromId: string; toId: string; propertyId: string; tenancyId: string; reference: string; description: string; status: "COMPLETED"; }' but required in type 'TransactionUncheckedCreateInput'.
src/app/api/tenancy/[id]/escrow/route.ts(248,7): error TS2345: Argument of type '"PAYMENT"' is not assignable to parameter of type 'NotificationType'.
src/app/api/tenancy/[id]/escrow/route.ts(255,7): error TS2345: Argument of type '"PAYMENT"' is not assignable to parameter of type 'NotificationType'.
src/app/api/tenancy/[id]/pay/route.ts(76,7): error TS2367: This comparison appears to be unintentional because the types 'TransactionStatus' and '"PAID"' have no overlap.
src/app/api/tenancy/[id]/pay/route.ts(102,15): error TS2322: Type '"PAID"' is not assignable to type 'TransactionStatus | EnumTransactionStatusFieldUpdateOperationsInput | undefined'.
src/app/api/tenancy/[id]/pay/route.ts(106,7): error TS2322: Type '{ amount: number; type: "RENT"; fromId: string; toId: string; propertyId: string; tenancyId: string; reference: any; description: string; status: "COMPLETED"; }' is not assignable to type '(Without<TransactionCreateInput, TransactionUncheckedCreateInput> & TransactionUncheckedCreateInput) | (Without<...> & TransactionCreateInput)'.
  Type '{ amount: number; type: "RENT"; fromId: string; toId: string; propertyId: string; tenancyId: string; reference: any; description: string; status: "COMPLETED"; }' is not assignable to type 'Without<TransactionCreateInput, TransactionUncheckedCreateInput> & TransactionUncheckedCreateInput'.
    Property 'userId' is missing in type '{ amount: number; type: "RENT"; fromId: string; toId: string; propertyId: string; tenancyId: string; reference: any; description: string; status: "COMPLETED"; }' but required in type 'TransactionUncheckedCreateInput'.
src/app/api/tenancy/[id]/pay/route.ts(122,13): error TS2322: Type '{ amount: number; type: "MANAGEMENT_FEE"; fromId: string; toId: string; propertyId: string; tenancyId: string; reference: string; description: string; status: "COMPLETED"; }' is not assignable to type '(Without<TransactionCreateInput, TransactionUncheckedCreateInput> & TransactionUncheckedCreateInput) | (Without<...> & TransactionCreateInput)'.
  Type '{ amount: number; type: "MANAGEMENT_FEE"; fromId: string; toId: string; propertyId: string; tenancyId: string; reference: string; description: string; status: "COMPLETED"; }' is not assignable to type 'Without<TransactionCreateInput, TransactionUncheckedCreateInput> & TransactionUncheckedCreateInput'.
    Property 'userId' is missing in type '{ amount: number; type: "MANAGEMENT_FEE"; fromId: string; toId: string; propertyId: string; tenancyId: string; reference: string; description: string; status: "COMPLETED"; }' but required in type 'TransactionUncheckedCreateInput'.
src/app/api/tenancy/[id]/pay/route.ts(144,7): error TS2345: Argument of type '"PAYMENT"' is not assignable to parameter of type 'NotificationType'.
src/app/api/tenancy/[id]/pay/route.ts(151,7): error TS2345: Argument of type '"PAYMENT"' is not assignable to parameter of type 'NotificationType'.
src/app/api/tenancy/[id]/pay/route.ts(162,9): error TS2345: Argument of type '"PAYMENT"' is not assignable to parameter of type 'NotificationType'.
